// Jest Snapshot v1, https://goo.gl/fbAQLP

exports[`renders correctly 1`] = `
"
  <div id=\\"errorAlert\\" class=\\"alert alert-danger text-center\\" role=\\"alert\\">
    <strong>Some error</strong>
  </div>
"
`;
