// Jest Snapshot v1, https://goo.gl/fbAQLP

exports[`renders correctly 1`] = `
"
  <div id=\\"searchContainer\\" class=\\"row align-items-center justify-content-center\\">
    <div class=\\"col-12\\">
      <div class=\\"row align-items-center justify-content-center text-center\\">
        <div class=\\"col-6\\">
          <img 
            src=\\"http://www.freepngimg.com/download/github/1-2-github-free-png-image.png\\" 
            alt=\\"Github logo\\" class=\\"img-fluid\\">
        </div>
      </div>
      <div class=\\"row align-items-center justify-content-center\\">
        <form id=\\"searchForm\\" class=\\"col-12 col-sm-12 col-md-8 col-lg-6 col-xl-6\\">
          <div class=\\"form-group input-group\\">
            <input 
              id=\\"userSearchInput\\" 
              type=\\"search\\" 
              class=\\"form-control\\" 
              placeholder=\\"UsuÃ¡rio para busca...\\"
            >
          </div>
        </form>
      </div>
    </div>
  </div>
"
`;
