// Jest Snapshot v1, https://goo.gl/fbAQLP

exports[`renders correctly 1`] = `
"
  <table id=\\"reposTable\\" class=\\"display\\" cellspacing=\\"0\\" width=\\"100%\\">
    <thead>
      <tr>
        <th>Nome</th>
        <th>Stars</th>
        <th>Forks</th>
        <th>Problemas Abertos</th>
      </tr>
    </thead>
    <tbody>
      
  <tr data-fullname=\\"test/testProj\\">
    <td>testProj</td>
    <td>0</td>
    <td>0</td>
    <td>0</td>
  </tr>

    </tbody>
  </table>
"
`;
